[debug] [2026-08-23T05:30:17.344Z] ----------------------------------------------------------------------
[debug] [2026-08-23T05:30:17.348Z] Command:       /usr/bin/node /home/nick/.npm/_npx/ba4f1959e38407b5/node_modules/.bin/firebase deploy --only hosting --project evotensor-ai-lab
[debug] [2026-08-23T05:30:17.349Z] CLI Version:   15.28.1
[debug] [2026-08-23T05:30:17.349Z] Platform:      linux
[debug] [2026-08-23T05:30:17.350Z] Node Version:  v20.20.2
[debug] [2026-08-23T05:30:17.350Z] Detected Agent: antigravity
[debug] [2026-08-23T05:30:17.350Z] Time:          Sun Aug 23 2026 05:30:17 GMT+0000 (Coordinated Universal Time)
[debug] [2026-08-23T05:30:17.351Z] ----------------------------------------------------------------------
[debug] 
[debug] [2026-08-23T05:30:18.845Z] > command requires scopes: ["email","openid","https://www.googleapis.com/auth/cloudplatformprojects.readonly","https://www.googleapis.com/auth/firebase","https://www.googleapis.com/auth/cloud-platform"]
[debug] [2026-08-23T05:30:18.894Z] Running auto auth
[debug] [2026-08-23T05:30:18.899Z] [iam] checking project evotensor-ai-lab for permissions ["firebase.projects.get","firebasehosting.sites.update"]
[debug] [2026-08-23T05:30:18.901Z] No OAuth tokens found
[debug] [2026-08-23T05:30:18.902Z] >>> [apiv2][query] POST https://cloudresourcemanager.googleapis.com/v1/projects/evotensor-ai-lab:testIamPermissions [none]
[debug] [2026-08-23T05:30:18.903Z] >>> [apiv2][(partial)header] POST https://cloudresourcemanager.googleapis.com/v1/projects/evotensor-ai-lab:testIamPermissions  x-goog-user-project=evotensor-ai-lab
[debug] [2026-08-23T05:30:18.903Z] >>> [apiv2][body] POST https://cloudresourcemanager.googleapis.com/v1/projects/evotensor-ai-lab:testIamPermissions {"permissions":["firebase.projects.get","firebasehosting.sites.update"]}
[debug] [2026-08-23T05:30:19.015Z] <<< [apiv2][status] POST https://cloudresourcemanager.googleapis.com/v1/projects/evotensor-ai-lab:testIamPermissions 403
[debug] [2026-08-23T05:30:19.016Z] <<< [apiv2][body] POST https://cloudresourcemanager.googleapis.com/v1/projects/evotensor-ai-lab:testIamPermissions {"error":{"code":403,"message":"Request had insufficient authentication scopes.","status":"PERMISSION_DENIED","details":[{"@type":"type.googleapis.com/google.rpc.ErrorInfo","reason":"ACCESS_TOKEN_SCOPE_INSUFFICIENT","domain":"googleapis.com","metadata":{"method":"google.cloudresourcemanager.v1.Projects.TestIamPermissions","service":"cloudresourcemanager.googleapis.com"}}]}}
[debug] [2026-08-23T05:30:19.017Z] [iam] error while checking permissions, command may fail: Request to https://cloudresourcemanager.googleapis.com/v1/projects/evotensor-ai-lab:testIamPermissions had HTTP Error: 403, Request had insufficient authentication scopes.
[debug] [2026-08-23T05:30:19.018Z] No OAuth tokens found
[debug] [2026-08-23T05:30:19.018Z] >>> [apiv2][query] GET https://firebase.googleapis.com/v1beta1/projects/evotensor-ai-lab [none]
[debug] [2026-08-23T05:30:19.142Z] <<< [apiv2][status] GET https://firebase.googleapis.com/v1beta1/projects/evotensor-ai-lab 403
[debug] [2026-08-23T05:30:19.142Z] <<< [apiv2][body] GET https://firebase.googleapis.com/v1beta1/projects/evotensor-ai-lab {"error":{"code":403,"message":"Request had insufficient authentication scopes.","status":"PERMISSION_DENIED","details":[{"@type":"type.googleapis.com/google.rpc.ErrorInfo","reason":"ACCESS_TOKEN_SCOPE_INSUFFICIENT","domain":"googleapis.com","metadata":{"service":"firebase.googleapis.com","method":"google.firebase.service.v1beta1.FirebaseProjectService.GetFirebaseProject"}}]}}
[debug] [2026-08-23T05:30:19.143Z] Request to https://firebase.googleapis.com/v1beta1/projects/evotensor-ai-lab had HTTP Error: 403, Request had insufficient authentication scopes.
[debug] [2026-08-23T05:30:19.144Z] FirebaseError: Request to https://firebase.googleapis.com/v1beta1/projects/evotensor-ai-lab had HTTP Error: 403, Request had insufficient authentication scopes.
    at responseToError (/home/nick/.npm/_npx/ba4f1959e38407b5/node_modules/firebase-tools/lib/responseToError.js:53:12)
    at RetryOperation._fn (/home/nick/.npm/_npx/ba4f1959e38407b5/node_modules/firebase-tools/lib/apiv2.js:415:77)
    at process.processTicksAndRejections (node:internal/process/task_queues:95:5)
[error] 
[error] Error: Failed to get Firebase project evotensor-ai-lab. Please make sure the project exists and your account has permission to access it.
[debug] [2026-08-23T05:30:28.844Z] ----------------------------------------------------------------------
[debug] [2026-08-23T05:30:28.847Z] Command:       /usr/bin/node /home/nick/.npm/_npx/ba4f1959e38407b5/node_modules/.bin/firebase projects:list
[debug] [2026-08-23T05:30:28.848Z] CLI Version:   15.28.1
[debug] [2026-08-23T05:30:28.848Z] Platform:      linux
[debug] [2026-08-23T05:30:28.848Z] Node Version:  v20.20.2
[debug] [2026-08-23T05:30:28.848Z] Detected Agent: antigravity
[debug] [2026-08-23T05:30:28.849Z] Time:          Sun Aug 23 2026 05:30:28 GMT+0000 (Coordinated Universal Time)
[debug] [2026-08-23T05:30:28.849Z] ----------------------------------------------------------------------
[debug] 
[debug] [2026-08-23T05:30:29.313Z] > command requires scopes: ["email","openid","https://www.googleapis.com/auth/cloudplatformprojects.readonly","https://www.googleapis.com/auth/firebase","https://www.googleapis.com/auth/cloud-platform"]
[debug] [2026-08-23T05:30:30.493Z] Running auto auth
[debug] [2026-08-23T05:30:30.516Z] No OAuth tokens found
[debug] [2026-08-23T05:30:30.518Z] >>> [apiv2][query] GET https://firebase.googleapis.com/v1beta1/projects pageSize=1000
[debug] [2026-08-23T05:30:30.751Z] <<< [apiv2][status] GET https://firebase.googleapis.com/v1beta1/projects 403
[debug] [2026-08-23T05:30:30.751Z] <<< [apiv2][body] GET https://firebase.googleapis.com/v1beta1/projects [omitted]
[debug] [2026-08-23T05:30:30.753Z] Request to https://firebase.googleapis.com/v1beta1/projects?pageSize=1000 had HTTP Error: 403, Request had insufficient authentication scopes.
[debug] [2026-08-23T05:30:30.755Z] FirebaseError: Request to https://firebase.googleapis.com/v1beta1/projects?pageSize=1000 had HTTP Error: 403, Request had insufficient authentication scopes.
    at responseToError (/home/nick/.npm/_npx/ba4f1959e38407b5/node_modules/firebase-tools/lib/responseToError.js:53:12)
    at RetryOperation._fn (/home/nick/.npm/_npx/ba4f1959e38407b5/node_modules/firebase-tools/lib/apiv2.js:415:77)
    at process.processTicksAndRejections (node:internal/process/task_queues:95:5)
[error] 
[error] Error: Failed to list Firebase projects. See firebase-debug.log for more info.
